// Jest Snapshot v1, https://goo.gl/fbAQLP

exports[`should render AddCategoryForm correctly 1`] = `
<form
  onSubmit={[Function]}
>
  <div
    className="input-group"
  >
    <div
      className="input-group__item input-group__item--expanded"
    >
      <input
        className="text-input"
        onChange={[Function]}
        placeholder="New Category"
        type="text"
        value=""
      />
    </div>
    <div
      className="input-group__item"
    >
      <button
        className="button button--expanded"
      >
        Add Category
      </button>
    </div>
  </div>
</form>
`;
