// Jest Snapshot v1, https://goo.gl/fbAQLP

exports[`should render ExpenseListFilter correctly 1`] = `
<div>
  <input
    onChange={[Function]}
    type="text"
    value=""
  />
  <select
    onChange={[Function]}
    value="date"
  >
    <option
      value="date"
    >
      Date
    </option>
    <option
      value="amount"
    >
      Amount
    </option>
  </select>
</div>
`;
