// Jest Snapshot v1, https://goo.gl/fbAQLP

exports[`should render ExpenseList with empty message 1`] = `
<div
  className="content-container"
>
  <div
    className="list-header"
  >
    <div
      className="show-for-mobile"
    >
      Expenses
    </div>
    <div
      className="show-for-desktop"
    >
      Expense
    </div>
    <div
      className="show-for-desktop"
    >
      Amount
    </div>
  </div>
  <div
    className="list-body"
  >
    <div
      className="list-item list-item--message"
    >
      <span>
        No expenses
      </span>
    </div>
  </div>
</div>
`;

exports[`should render ExpenseList with expenses 1`] = `
<div
  className="content-container"
>
  <div
    className="list-header"
  >
    <div
      className="show-for-mobile"
    >
      Expenses
    </div>
    <div
      className="show-for-desktop"
    >
      Expense
    </div>
    <div
      className="show-for-desktop"
    >
      Amount
    </div>
  </div>
  <div
    className="list-body"
  >
    <ExpenseListItem
      amount={195}
      amountMath="195"
      category="education"
      createdAt={0}
      description="Gum"
      handleFocus={[Function]}
      id="1"
      isOnFocus={false}
      key="1"
      note=""
    />
    <ExpenseListItem
      amount={109500}
      category="none"
      createdAt={-48748745645}
      description="Rent"
      handleFocus={[Function]}
      id="2"
      isOnFocus={false}
      key="2"
      note=""
    />
    <ExpenseListItem
      amount={4500}
      category="none"
      createdAt={48748745645}
      description="Credit Card"
      handleFocus={[Function]}
      id="3"
      isOnFocus={false}
      key="3"
      note=""
    />
  </div>
</div>
`;
